Connected to ws://localhost:8000/llm-websocket/test-call-123
User: Hola
AI: Lo siento, pero basado en la informaci≤n proporcionada, el artφculo mencionado es una bata blanca para novia, no un vestido.
TTFT / Latency: 2414.40 ms
STATUS: WARNING (Latency > 800ms)

--- Testing Barge-in Logic ---
User: (Interruption) 'Espera, tengo una duda sobre el precio'
Barge-in Response Latency: 1857.90 ms
STATUS: NOTE (Barge-in typically requires <200ms processing. LangGraph might be slower.)
